0,0.214286,13.550000
1,0.187929,1274.500000
1,0.085719,1350.000000
